
> iot-apple-glass-standalone-demo@1.2.0 test
> node --test --test-timeout=15000 test/*.test.mjs

✔ question UTF-16 length, empty input, cooldown and pending state gate sending (1.8259ms)
✔ double click submits exactly once with a UUID and creates one message pair (3.9633ms)
✔ a delayed reply from a previous site never appears in the new site (4.1176ms)
✔ failure to persist recovery metadata sends no HTTP POST (0.8333ms)
✔ 202 polls with backoff, honors Retry-After and stops in background without repeating POST (4.7393ms)
✔ local timeout remains recoverable even if native transport ignores AbortSignal (1.5142ms)
✔ cold restore uses IDs only and obtains the original successful result using GET (1.6229ms)
✔ identity and API endpoint partitions are stable across login refresh but isolated from other scopes (0.3277ms)
✔ AI entered before site startup automatically restores a saved result when the site arrives (1.1508ms)
✔ context initialization queries a pending request only once and respects background state (1.1346ms)
✔ visible history reloads for the new site after its context finishes initialization (1.2272ms)
✔ new conversation during a slow startup preference read never restores the discarded request (0.9953ms)
✔ 24 hour metadata expires and recovery never reads a foreign scope (0.5351ms)
✔ UNKNOWN requires explicit retry with a new key and never automatically resends (1.2386ms)
✔ 403 during history reading clears all AI messages, draft and role information (0.7603ms)
✔ persona save and activation send independent expected versions and preserve the conversation version (2.4115ms)
✔ older server capability 404 permits only legacy chat (0.6764ms)
✔ 403 while saving persona revokes all AI data and management permissions (1.3976ms)
✔ overlapping older-message pages never duplicate stored message IDs (0.9744ms)
✔ 410 on an in-flight follow-up clears the deleted conversation and its local contents (0.8562ms)
✔ acknowledgement commits the confirmed reported state (1.895ms)
✔ pending command leaves the reported state untouched while recording the desired target (0.2655ms)
✔ pending backend view prefers its desired state over its stale reported state (0.1671ms)
✔ unconfirmed BLE delivery never changes reported state (1.0919ms)
✔ PENDING and SENT only change desired; ACK changes reported from the receipt (134.0509ms)
✔ failed preserves reported state without automatic retransmission (152.7982ms)
✔ unconfirmed preserves reported state without automatic retransmission (155.4634ms)
✔ pending blocks duplicate submission and captures selected outcome (124.7428ms)
✔ switching site retires old wait and cannot update the new site (157.8226ms)
✔ reset cancels an accepted command and clears data without a late update (155.6404ms)
✔ controller rejects every readonly and invalid scenario, independent of UI (1.6307ms)
✔ raw bad ranges remain invalid after capability normalization (0.5503ms)
✔ LAN claim validates site and registers exactly one local device (0.7608ms)
✔ mock AI idempotent send and recovery use the original request (28.0502ms)
✔ mock AI stores history and persona in independent site scopes (16.0756ms)
✔ manual weather validates coordinates and updates only simulated location (14.5823ms)
✔ backend Profile envelopes drive arbitrary client controls without legacy defaults (2.9968ms)
✔ connection Profile capabilities remain usable when a DeviceView has no top-level envelope (0.533ms)
✔ command metadata fills state and parameter mappings omitted by the control (0.5528ms)
✔ motion policy responds to live preference and hidden changes, without duplicate notifications (1.5465ms)
✔ degradation is reversible and destroy removes all listeners/subscribers (0.4848ms)
✔ policy supports older MediaQueryList listeners and non-browser unit environments (0.3364ms)
✔ task registry deduplicates a business action across view changes without cancelling it (2.3978ms)
✔ a late finish cannot remove a newer request or a different context (0.6008ms)
✔ task scope and key cannot collide through delimiter text (0.2871ms)
ℹ tests 45
ℹ suites 0
ℹ pass 45
ℹ fail 0
ℹ cancelled 0
ℹ skipped 0
ℹ todo 0
ℹ duration_ms 1075.986
